******************************************************************************
                  MSP430 Linker PC v4.1.1                      
******************************************************************************
>> Linked Sun Jan 05 14:51:09 2014

OUTPUT FILE NAME:   <nRF_timer_Slave.out>
ENTRY POINT SYMBOL: "_c_int00"  address: 0000c9a2


MEMORY CONFIGURATION

         name            origin    length      used     unused   attr    fill
----------------------  --------  ---------  --------  --------  ----  --------
  SFR                   00000000   00000010  00000000  00000010  RWIX
  PERIPHERALS_8BIT      00000010   000000f0  00000000  000000f0  RWIX
  PERIPHERALS_16BIT     00000100   00000100  00000000  00000100  RWIX
  RAM                   00000200   00000200  0000005a  000001a6  RWIX
  INFOD                 00001000   00000040  00000000  00000040  RWIX
  INFOC                 00001040   00000040  00000000  00000040  RWIX
  INFOB                 00001080   00000040  00000000  00000040  RWIX
  INFOA                 000010c0   00000040  00000000  00000040  RWIX
  FLASH                 0000c000   00003fe0  00000b11  000034cf  RWIX
  INT00                 0000ffe0   00000002  00000000  00000002  RWIX
  INT01                 0000ffe2   00000002  00000000  00000002  RWIX
  INT02                 0000ffe4   00000002  00000000  00000002  RWIX
  INT03                 0000ffe6   00000002  00000000  00000002  RWIX
  INT04                 0000ffe8   00000002  00000000  00000002  RWIX
  INT05                 0000ffea   00000002  00000000  00000002  RWIX
  INT06                 0000ffec   00000002  00000000  00000002  RWIX
  INT07                 0000ffee   00000002  00000002  00000000  RWIX
  INT08                 0000fff0   00000002  00000002  00000000  RWIX
  INT09                 0000fff2   00000002  00000002  00000000  RWIX
  INT10                 0000fff4   00000002  00000000  00000002  RWIX
  INT11                 0000fff6   00000002  00000000  00000002  RWIX
  INT12                 0000fff8   00000002  00000000  00000002  RWIX
  INT13                 0000fffa   00000002  00000000  00000002  RWIX
  INT14                 0000fffc   00000002  00000000  00000002  RWIX
  RESET                 0000fffe   00000002  00000002  00000000  RWIX


SECTION ALLOCATION MAP

 output                                  attributes/
section   page    origin      length       input sections
--------  ----  ----------  ----------   ----------------
.init_array 
*          0    0000c000    00000000     UNINITIALIZED

.data      0    00000200    00000008     
                  00000200    00000008     LCD.obj (.data)

.TI.persistent 
*          0    00000200    00000000     UNINITIALIZED

.bss       0    00000208    00000002     UNINITIALIZED
                  00000208    00000002     RF_timer_Slave.obj (.bss)

.TI.noinit 
*          0    00000208    00000000     UNINITIALIZED

.stack     0    000003b0    00000050     UNINITIALIZED
                  000003b0    00000002     rts430_eabi.lib : boot.obj (.stack)
                  000003b2    0000004e     --HOLE--

.text      0    0000c000    00000acc     
                  0000c000    0000015e     LCD.obj (.text:lcd_put_byte)
                  0000c15e    0000013e     RF_timer_Slave.obj (.text:main)
                  0000c29c    00000104     LCD.obj (.text:lcd_init)
                  0000c3a0    00000102     RF_timer_Slave.obj (.text:CCR0_Interrupt)
                  0000c4a2    00000082     NRF24L01.obj (.text:transmit)
                  0000c524    0000007c     NRF24L01.obj (.text:receive)
                  0000c5a0    00000078     NRF24L01.obj (.text:receive_config)
                  0000c618    00000078     RF_timer_Slave.obj (.text:receive_instant)
                  0000c690    0000005e     rts430_eabi.lib : copy_decompress_rle.obj (.text:__TI_decompress_rle_core)
                  0000c6ee    0000005e                     : autoinit.obj (.text:_auto_init)
                  0000c74c    00000054     NRF24L01.obj (.text:transmit_config)
                  0000c7a0    00000048     RF_timer_Slave.obj (.text:TAIV_Interrupt)
                  0000c7e8    00000040     Basic_config.obj (.text:Config_Clocks)
                  0000c828    0000003a     LCD.obj (.text:lcd_putc)
                  0000c862    00000036     LCD.obj (.text:lcd_delay_ms)
                  0000c898    0000002c     LCD.obj (.text:lcd_delay_us)
                  0000c8c4    0000002c     rts430_eabi.lib : lsl16.obj (.text)
                  0000c8f0    0000002c     NRF24L01.obj (.text:send_byte)
                  0000c91c    00000026     NRF24L01.obj (.text:send_data)
                  0000c942    00000024     LCD.obj (.text:lcd_gotoxy)
                  0000c966    00000022     LCD.obj (.text:lcd_backlight)
                  0000c988    0000001a     NRF24L01.obj (.text:RF_init)
                  0000c9a2    0000001a     rts430_eabi.lib : boot.obj (.text:_c_int00_noexit)
                  0000c9bc    0000001a     Basic_config.obj (.text:delay_ms)
                  0000c9d6    00000016     LCD.obj (.text:lcd_puts)
                  0000c9ec    00000014     RF_timer_Slave.obj (.text:TimerA0_init)
                  0000ca00    00000014     rts430_eabi.lib : copy_zero_init.obj (.text:decompress:ZI:__TI_zero_init)
                  0000ca14    00000012                     : copy_decompress_none.obj (.text:decompress:none:__TI_decompress_none)
                  0000ca26    00000012     LCD.obj (.text:lcd_clear)
                  0000ca38    00000012     rts430_eabi.lib : memcpy.obj (.text:memcpy)
                  0000ca4a    00000010     Basic_config.obj (.text:delay_us)
                  0000ca5a    00000010     rts430_eabi.lib : epilog.obj (.text)
                  0000ca6a    0000000e     NRF24L01.obj (.text:clock_down)
                  0000ca78    0000000e     NRF24L01.obj (.text:clock_up)
                  0000ca86    0000000e     NRF24L01.obj (.text:send_command)
                  0000ca94    00000008     NRF24L01.obj (.text:CE_HIGH)
                  0000ca9c    00000008     NRF24L01.obj (.text:CE_LOW)
                  0000caa4    00000008     NRF24L01.obj (.text:CSN_HIGH)
                  0000caac    00000008     NRF24L01.obj (.text:CSN_LOW)
                  0000cab4    00000008     Basic_config.obj (.text:Config_stop_WDT)
                  0000cabc    00000006     rts430_eabi.lib : copy_decompress_rle.obj (.text:decompress:rle24:__TI_decompress_rle24)
                  0000cac2    00000004                     : pre_init.obj (.text:_system_pre_init)
                  0000cac6    00000004                     : exit.obj (.text:abort)
                  0000caca    00000002     UART.obj (.text:USCI0RX_ISR)

.const     0    0000cacc    00000027     
                  0000cacc    0000000e     RF_timer_Slave.obj (.const:.string)
                  0000cada    00000001     RF_timer_Slave.obj (.const:.string:$P$T0$1)
                  0000cadb    00000001     --HOLE-- [fill = 0]
                  0000cadc    00000001     RF_timer_Slave.obj (.const:.string:$P$T1$2)
                  0000cadd    00000001     --HOLE-- [fill = 0]
                  0000cade    00000001     RF_timer_Slave.obj (.const:.string:$P$T10$12)
                  0000cadf    00000001     --HOLE-- [fill = 0]
                  0000cae0    00000001     RF_timer_Slave.obj (.const:.string:$P$T11$13)
                  0000cae1    00000001     --HOLE-- [fill = 0]
                  0000cae2    00000001     RF_timer_Slave.obj (.const:.string:$P$T12$14)
                  0000cae3    00000001     --HOLE-- [fill = 0]
                  0000cae4    00000001     RF_timer_Slave.obj (.const:.string:$P$T2$3)
                  0000cae5    00000001     --HOLE-- [fill = 0]
                  0000cae6    00000001     RF_timer_Slave.obj (.const:.string:$P$T3$4)
                  0000cae7    00000001     --HOLE-- [fill = 0]
                  0000cae8    00000001     RF_timer_Slave.obj (.const:.string:$P$T4$5)
                  0000cae9    00000001     --HOLE-- [fill = 0]
                  0000caea    00000001     RF_timer_Slave.obj (.const:.string:$P$T5$6)
                  0000caeb    00000001     --HOLE-- [fill = 0]
                  0000caec    00000001     RF_timer_Slave.obj (.const:.string:$P$T6$8)
                  0000caed    00000001     --HOLE-- [fill = 0]
                  0000caee    00000001     RF_timer_Slave.obj (.const:.string:$P$T7$9)
                  0000caef    00000001     --HOLE-- [fill = 0]
                  0000caf0    00000001     RF_timer_Slave.obj (.const:.string:$P$T8$10)
                  0000caf1    00000001     --HOLE-- [fill = 0]
                  0000caf2    00000001     RF_timer_Slave.obj (.const:.string:$P$T9$11)

.cinit     0    0000caf4    0000001e     
                  0000caf4    0000000c     (.cinit..data.load) [load image]
                  0000cb00    00000006     (__TI_handler_table)
                  0000cb06    00000004     (.cinit..bss.load) [load image, compression = zero_init]
                  0000cb0a    00000008     (__TI_cinit_table)

USCIAB0RX 
*          0    0000ffee    00000002     
                  0000ffee    00000002     UART.obj (.int07)

TIMER0_A1 
*          0    0000fff0    00000002     
                  0000fff0    00000002     RF_timer_Slave.obj (.int08)

TIMER0_A0 
*          0    0000fff2    00000002     
                  0000fff2    00000002     RF_timer_Slave.obj (.int09)

.reset     0    0000fffe    00000002     
                  0000fffe    00000002     rts430_eabi.lib : boot.obj (.reset)


LINKER GENERATED COPY TABLES

__TI_cinit_table @ 0000cb0a records: 2, size/record: 4, table size: 8
	.data: load addr=0000caf4, load size=0000000c bytes, run addr=00000200, run size=00000008 bytes, compression=copy
	.bss: load addr=0000cb06, load size=00000004 bytes, run addr=00000208, run size=00000002 bytes, compression=zero_init


LINKER GENERATED HANDLER TABLE

__TI_handler_table @ 0000cb00 records: 3, size/record: 2, table size: 6
	index: 0, handler: __TI_zero_init
	index: 1, handler: __TI_decompress_rle24
	index: 2, handler: __TI_decompress_none


GLOBAL SYMBOLS: SORTED ALPHABETICALLY BY Name 

address    name
--------   ----
0000004a   ADC10AE0
000001b0   ADC10CTL0
000001b2   ADC10CTL1
00000048   ADC10DTC0
00000049   ADC10DTC1
000001b4   ADC10MEM
000001bc   ADC10SA
00000057   BCSCTL1
00000058   BCSCTL2
00000053   BCSCTL3
0000cac6   C$$EXIT
000010fb   CALBC1_12MHZ
000010f9   CALBC1_16MHZ
000010ff   CALBC1_1MHZ
000010fd   CALBC1_8MHZ
000010fa   CALDCO_12MHZ
000010f8   CALDCO_16MHZ
000010fe   CALDCO_1MHZ
000010fc   CALDCO_8MHZ
0000c3a0   CCR0_Interrupt
0000ca94   CE_HIGH
0000ca9c   CE_LOW
0000caa4   CSN_HIGH
0000caac   CSN_LOW
0000c7e8   Config_Clocks
0000cab4   Config_stop_WDT
00000056   DCOCTL
00000128   FCTL1
0000012a   FCTL2
0000012c   FCTL3
00000000   IE1
00000001   IE2
00000002   IFG1
00000003   IFG2
00000022   P1DIR
00000025   P1IE
00000024   P1IES
00000023   P1IFG
00000020   P1IN
00000021   P1OUT
00000027   P1REN
00000026   P1SEL
00000041   P1SEL2
00000204   P1_dir
00000206   P1_out
0000002a   P2DIR
0000002d   P2IE
0000002c   P2IES
0000002b   P2IFG
00000028   P2IN
00000029   P2OUT
0000002f   P2REN
0000002e   P2SEL
00000042   P2SEL2
00000200   P2_dir
00000202   P2_out
0000001a   P3DIR
00000018   P3IN
00000019   P3OUT
00000010   P3REN
0000001b   P3SEL
00000043   P3SEL2
0000c988   RF_init
00000172   TA0CCR0
00000174   TA0CCR1
00000176   TA0CCR2
00000162   TA0CCTL0
00000164   TA0CCTL1
00000166   TA0CCTL2
00000160   TA0CTL
0000012e   TA0IV
00000170   TA0R
00000192   TA1CCR0
00000194   TA1CCR1
00000196   TA1CCR2
00000182   TA1CCTL0
00000184   TA1CCTL1
00000186   TA1CCTL2
00000180   TA1CTL
0000011e   TA1IV
00000190   TA1R
0000c7a0   TAIV_Interrupt
0000c9ec   TimerA0_init
0000005d   UCA0ABCTL
00000062   UCA0BR0
00000063   UCA0BR1
00000060   UCA0CTL0
00000061   UCA0CTL1
0000005f   UCA0IRRCTL
0000005e   UCA0IRTCTL
00000064   UCA0MCTL
00000066   UCA0RXBUF
00000065   UCA0STAT
00000067   UCA0TXBUF
0000006a   UCB0BR0
0000006b   UCB0BR1
00000068   UCB0CTL0
00000069   UCB0CTL1
0000006c   UCB0I2CIE
00000118   UCB0I2COA
0000011a   UCB0I2CSA
0000006e   UCB0RXBUF
0000006d   UCB0STAT
0000006f   UCB0TXBUF
0000caca   USCI0RX_ISR
00000120   WDTCTL
00000400   __STACK_END
00000050   __STACK_SIZE
0000cb0a   __TI_CINIT_Base
0000cb12   __TI_CINIT_Limit
0000cb00   __TI_Handler_Table_Base
0000cb06   __TI_Handler_Table_Limit
UNDEFED    __TI_INITARRAY_Base
UNDEFED    __TI_INITARRAY_Limit
00000001   __TI_args_main
0000ca14   __TI_decompress_none
0000cabc   __TI_decompress_rle24
00000001   __TI_exit
0000ca00   __TI_zero_init
ffffffff   __binit__
ffffffff   __c_args__
0000ca66   __mspabi_func_epilog_1
0000ca64   __mspabi_func_epilog_2
0000ca62   __mspabi_func_epilog_3
0000ca60   __mspabi_func_epilog_4
0000ca5e   __mspabi_func_epilog_5
0000ca5c   __mspabi_func_epilog_6
0000ca5a   __mspabi_func_epilog_7
0000c8c4   __mspabi_slli
0000c8ec   __mspabi_slli_1
0000c8da   __mspabi_slli_10
0000c8d8   __mspabi_slli_11
0000c8d6   __mspabi_slli_12
0000c8d4   __mspabi_slli_13
0000c8d2   __mspabi_slli_14
0000c8d0   __mspabi_slli_15
0000c8ea   __mspabi_slli_2
0000c8e8   __mspabi_slli_3
0000c8e6   __mspabi_slli_4
0000c8e4   __mspabi_slli_5
0000c8e2   __mspabi_slli_6
0000c8e0   __mspabi_slli_7
0000c8de   __mspabi_slli_8
0000c8dc   __mspabi_slli_9
0000c6ee   _auto_init
0000c9a2   _c_int00
0000c9a2   _c_int00_noexit
0000fffe   _reset_vector
000003b0   _stack
0000cac2   _system_pre_init
0000cac6   abort
ffffffff   binit
0000ca6a   clock_down
0000ca78   clock_up
0000c9bc   delay_ms
0000ca4a   delay_us
0000c966   lcd_backlight
0000ca26   lcd_clear
0000c862   lcd_delay_ms
0000c898   lcd_delay_us
0000c942   lcd_gotoxy
0000c29c   lcd_init
0000c000   lcd_put_byte
0000c828   lcd_putc
0000c9d6   lcd_puts
0000c15e   main
0000ca38   memcpy
0000c524   receive
0000c5a0   receive_config
0000c618   receive_instant
0000c8f0   send_byte
0000ca86   send_command
0000c91c   send_data
0000c4a2   transmit
0000c74c   transmit_config


GLOBAL SYMBOLS: SORTED BY Symbol Address 

address    name
--------   ----
00000000   IE1
00000001   IE2
00000001   __TI_args_main
00000001   __TI_exit
00000002   IFG1
00000003   IFG2
00000010   P3REN
00000018   P3IN
00000019   P3OUT
0000001a   P3DIR
0000001b   P3SEL
00000020   P1IN
00000021   P1OUT
00000022   P1DIR
00000023   P1IFG
00000024   P1IES
00000025   P1IE
00000026   P1SEL
00000027   P1REN
00000028   P2IN
00000029   P2OUT
0000002a   P2DIR
0000002b   P2IFG
0000002c   P2IES
0000002d   P2IE
0000002e   P2SEL
0000002f   P2REN
00000041   P1SEL2
00000042   P2SEL2
00000043   P3SEL2
00000048   ADC10DTC0
00000049   ADC10DTC1
0000004a   ADC10AE0
00000050   __STACK_SIZE
00000053   BCSCTL3
00000056   DCOCTL
00000057   BCSCTL1
00000058   BCSCTL2
0000005d   UCA0ABCTL
0000005e   UCA0IRTCTL
0000005f   UCA0IRRCTL
00000060   UCA0CTL0
00000061   UCA0CTL1
00000062   UCA0BR0
00000063   UCA0BR1
00000064   UCA0MCTL
00000065   UCA0STAT
00000066   UCA0RXBUF
00000067   UCA0TXBUF
00000068   UCB0CTL0
00000069   UCB0CTL1
0000006a   UCB0BR0
0000006b   UCB0BR1
0000006c   UCB0I2CIE
0000006d   UCB0STAT
0000006e   UCB0RXBUF
0000006f   UCB0TXBUF
00000118   UCB0I2COA
0000011a   UCB0I2CSA
0000011e   TA1IV
00000120   WDTCTL
00000128   FCTL1
0000012a   FCTL2
0000012c   FCTL3
0000012e   TA0IV
00000160   TA0CTL
00000162   TA0CCTL0
00000164   TA0CCTL1
00000166   TA0CCTL2
00000170   TA0R
00000172   TA0CCR0
00000174   TA0CCR1
00000176   TA0CCR2
00000180   TA1CTL
00000182   TA1CCTL0
00000184   TA1CCTL1
00000186   TA1CCTL2
00000190   TA1R
00000192   TA1CCR0
00000194   TA1CCR1
00000196   TA1CCR2
000001b0   ADC10CTL0
000001b2   ADC10CTL1
000001b4   ADC10MEM
000001bc   ADC10SA
00000200   P2_dir
00000202   P2_out
00000204   P1_dir
00000206   P1_out
000003b0   _stack
00000400   __STACK_END
000010f8   CALDCO_16MHZ
000010f9   CALBC1_16MHZ
000010fa   CALDCO_12MHZ
000010fb   CALBC1_12MHZ
000010fc   CALDCO_8MHZ
000010fd   CALBC1_8MHZ
000010fe   CALDCO_1MHZ
000010ff   CALBC1_1MHZ
0000c000   lcd_put_byte
0000c15e   main
0000c29c   lcd_init
0000c3a0   CCR0_Interrupt
0000c4a2   transmit
0000c524   receive
0000c5a0   receive_config
0000c618   receive_instant
0000c6ee   _auto_init
0000c74c   transmit_config
0000c7a0   TAIV_Interrupt
0000c7e8   Config_Clocks
0000c828   lcd_putc
0000c862   lcd_delay_ms
0000c898   lcd_delay_us
0000c8c4   __mspabi_slli
0000c8d0   __mspabi_slli_15
0000c8d2   __mspabi_slli_14
0000c8d4   __mspabi_slli_13
0000c8d6   __mspabi_slli_12
0000c8d8   __mspabi_slli_11
0000c8da   __mspabi_slli_10
0000c8dc   __mspabi_slli_9
0000c8de   __mspabi_slli_8
0000c8e0   __mspabi_slli_7
0000c8e2   __mspabi_slli_6
0000c8e4   __mspabi_slli_5
0000c8e6   __mspabi_slli_4
0000c8e8   __mspabi_slli_3
0000c8ea   __mspabi_slli_2
0000c8ec   __mspabi_slli_1
0000c8f0   send_byte
0000c91c   send_data
0000c942   lcd_gotoxy
0000c966   lcd_backlight
0000c988   RF_init
0000c9a2   _c_int00
0000c9a2   _c_int00_noexit
0000c9bc   delay_ms
0000c9d6   lcd_puts
0000c9ec   TimerA0_init
0000ca00   __TI_zero_init
0000ca14   __TI_decompress_none
0000ca26   lcd_clear
0000ca38   memcpy
0000ca4a   delay_us
0000ca5a   __mspabi_func_epilog_7
0000ca5c   __mspabi_func_epilog_6
0000ca5e   __mspabi_func_epilog_5
0000ca60   __mspabi_func_epilog_4
0000ca62   __mspabi_func_epilog_3
0000ca64   __mspabi_func_epilog_2
0000ca66   __mspabi_func_epilog_1
0000ca6a   clock_down
0000ca78   clock_up
0000ca86   send_command
0000ca94   CE_HIGH
0000ca9c   CE_LOW
0000caa4   CSN_HIGH
0000caac   CSN_LOW
0000cab4   Config_stop_WDT
0000cabc   __TI_decompress_rle24
0000cac2   _system_pre_init
0000cac6   C$$EXIT
0000cac6   abort
0000caca   USCI0RX_ISR
0000cb00   __TI_Handler_Table_Base
0000cb06   __TI_Handler_Table_Limit
0000cb0a   __TI_CINIT_Base
0000cb12   __TI_CINIT_Limit
0000fffe   _reset_vector
ffffffff   __binit__
ffffffff   __c_args__
ffffffff   binit
UNDEFED    __TI_INITARRAY_Base
UNDEFED    __TI_INITARRAY_Limit

[175 symbols]
